python : Traceback (most recent call last):
At line:1 char:1
+ python test_captcha_live.py > test_log.txt 
2>&1
+ 
~~~~~~~~~~~~~~~~~~~~~~~~~~~~~~~~~~~~~~~~~~~~~~~
    + CategoryInfo          : NotSpecified: (Tr 
   aceback (most recent call last)::String) []  
  , RemoteException
    + FullyQualifiedErrorId : NativeCommandErro 
   r
 
  File "C:\sandbox\b2b_outreach_tool\test_captch
a_live.py", line 118, in <module>
    asyncio.run(test_live_captcha())
    ~~~~~~~~~~~^^^^^^^^^^^^^^^^^^^^^
  File "C:\Users\baron\AppData\Local\Programs\Py
thon\Python313\Lib\asyncio\runners.py", line 
195, in run
    return runner.run(main)
           ~~~~~~~~~~^^^^^^
  File "C:\Users\baron\AppData\Local\Programs\Py
thon\Python313\Lib\asyncio\runners.py", line 
118, in run
    return self._loop.run_until_complete(task)
           ~~~~~~~~~~~~~~~~~~~~~~~~~~~~~^^^^^^
  File "C:\Users\baron\AppData\Local\Programs\Py
thon\Python313\Lib\asyncio\base_events.py", 
line 719, in run_until_complete
    return future.result()
           ~~~~~~~~~~~~~^^
  File "C:\sandbox\b2b_outreach_tool\test_captch
a_live.py", line 13, in test_live_captcha
    print("--- \U0001f916 Live ReCaptcha Solver 
Test (Local Whisper) ---")
    ~~~~~^^^^^^^^^^^^^^^^^^^^^^^^^^^^^^^^^^^^^^^
^^^^^^^^^^^^^^^^^^
  File "C:\Users\baron\AppData\Local\Programs\Py
thon\Python313\Lib\encodings\cp1252.py", line 
19, in encode
    return codecs.charmap_encode(input,self.erro
rs,encoding_table)[0]
           ~~~~~~~~~~~~~~~~~~~~~^^^^^^^^^^^^^^^^
^^^^^^^^^^^^^^^^^^
UnicodeEncodeError: 'charmap' codec can't 
encode character '\U0001f916' in position 4: 
character maps to <undefined>
